2025-06-14 09:55:14.194382 | failing_func error: ValueError | Execution time: 0.0000s | Inputs: (1, 2), {} | Error: Test error
